###############################################################################
#
# IAR ELF Linker V8.40.1.212/W32 for ARM                  28/Mar/2020  13:15:28
# Copyright 2007-2019 IAR Systems AB.
#
#    Output file  =
#        E:\RACEnergy\EWARM_Generated\Test_files\uart_dma_idle -
#        Copy\EWARM\uart_dma_idle\Exe\uart_dma_idle.out
#    Map file     =
#        E:\RACEnergy\EWARM_Generated\Test_files\uart_dma_idle -
#        Copy\EWARM\uart_dma_idle\List\uart_dma_idle.map
#    Command line =
#        -f C:\Users\SURYAM~1\AppData\Local\Temp\EWB649.tmp
#        ("E:\RACEnergy\EWARM_Generated\Test_files\uart_dma_idle -
#        Copy\EWARM\uart_dma_idle\Obj\DMA_CIRCULAR.o"
#        "E:\RACEnergy\EWARM_Generated\Test_files\uart_dma_idle -
#        Copy\EWARM\uart_dma_idle\Obj\main.o"
#        "E:\RACEnergy\EWARM_Generated\Test_files\uart_dma_idle -
#        Copy\EWARM\uart_dma_idle\Obj\startup_stm32f407xx.o"
#        "E:\RACEnergy\EWARM_Generated\Test_files\uart_dma_idle -
#        Copy\EWARM\uart_dma_idle\Obj\stm32f4xx_hal.o"
#        "E:\RACEnergy\EWARM_Generated\Test_files\uart_dma_idle -
#        Copy\EWARM\uart_dma_idle\Obj\stm32f4xx_hal_cortex.o"
#        "E:\RACEnergy\EWARM_Generated\Test_files\uart_dma_idle -
#        Copy\EWARM\uart_dma_idle\Obj\stm32f4xx_hal_dma.o"
#        "E:\RACEnergy\EWARM_Generated\Test_files\uart_dma_idle -
#        Copy\EWARM\uart_dma_idle\Obj\stm32f4xx_hal_dma_ex.o"
#        "E:\RACEnergy\EWARM_Generated\Test_files\uart_dma_idle -
#        Copy\EWARM\uart_dma_idle\Obj\stm32f4xx_hal_exti.o"
#        "E:\RACEnergy\EWARM_Generated\Test_files\uart_dma_idle -
#        Copy\EWARM\uart_dma_idle\Obj\stm32f4xx_hal_flash.o"
#        "E:\RACEnergy\EWARM_Generated\Test_files\uart_dma_idle -
#        Copy\EWARM\uart_dma_idle\Obj\stm32f4xx_hal_flash_ex.o"
#        "E:\RACEnergy\EWARM_Generated\Test_files\uart_dma_idle -
#        Copy\EWARM\uart_dma_idle\Obj\stm32f4xx_hal_flash_ramfunc.o"
#        "E:\RACEnergy\EWARM_Generated\Test_files\uart_dma_idle -
#        Copy\EWARM\uart_dma_idle\Obj\stm32f4xx_hal_gpio.o"
#        "E:\RACEnergy\EWARM_Generated\Test_files\uart_dma_idle -
#        Copy\EWARM\uart_dma_idle\Obj\stm32f4xx_hal_msp.o"
#        "E:\RACEnergy\EWARM_Generated\Test_files\uart_dma_idle -
#        Copy\EWARM\uart_dma_idle\Obj\stm32f4xx_hal_pwr.o"
#        "E:\RACEnergy\EWARM_Generated\Test_files\uart_dma_idle -
#        Copy\EWARM\uart_dma_idle\Obj\stm32f4xx_hal_pwr_ex.o"
#        "E:\RACEnergy\EWARM_Generated\Test_files\uart_dma_idle -
#        Copy\EWARM\uart_dma_idle\Obj\stm32f4xx_hal_rcc.o"
#        "E:\RACEnergy\EWARM_Generated\Test_files\uart_dma_idle -
#        Copy\EWARM\uart_dma_idle\Obj\stm32f4xx_hal_rcc_ex.o"
#        "E:\RACEnergy\EWARM_Generated\Test_files\uart_dma_idle -
#        Copy\EWARM\uart_dma_idle\Obj\stm32f4xx_hal_tim.o"
#        "E:\RACEnergy\EWARM_Generated\Test_files\uart_dma_idle -
#        Copy\EWARM\uart_dma_idle\Obj\stm32f4xx_hal_tim_ex.o"
#        "E:\RACEnergy\EWARM_Generated\Test_files\uart_dma_idle -
#        Copy\EWARM\uart_dma_idle\Obj\stm32f4xx_hal_uart.o"
#        "E:\RACEnergy\EWARM_Generated\Test_files\uart_dma_idle -
#        Copy\EWARM\uart_dma_idle\Obj\stm32f4xx_it.o"
#        "E:\RACEnergy\EWARM_Generated\Test_files\uart_dma_idle -
#        Copy\EWARM\uart_dma_idle\Obj\system_stm32f4xx.o" --redirect
#        _Printf=_PrintfFull --redirect _Scanf=_ScanfFull --no_out_extension -o
#        "E:\RACEnergy\EWARM_Generated\Test_files\uart_dma_idle -
#        Copy\EWARM\uart_dma_idle\Exe\uart_dma_idle.out" --map
#        "E:\RACEnergy\EWARM_Generated\Test_files\uart_dma_idle -
#        Copy\EWARM\uart_dma_idle\List\uart_dma_idle.map" --config
#        "E:\RACEnergy\EWARM_Generated\Test_files\uart_dma_idle -
#        Copy\EWARM/stm32f407xx_flash.icf" --semihosting --entry
#        __iar_program_start --vfe --text_out locale)
#
###############################################################################

*******************************************************************************
*** RUNTIME MODEL ATTRIBUTES
***

CppFlavor       = *
__SystemLibrary = DLib
__dlib_version  = 6


*******************************************************************************
*** HEAP SELECTION
***

The basic heap was selected because no calls to memory allocation
functions were found in the application outside of system library
functions, and there are calls to deallocation functions in the
application.


*******************************************************************************
*** PLACEMENT SUMMARY
***

"A0":  place at address 0x800'0000 { ro section .intvec };
"P1":  place in [from 0x800'0000 to 0x80f'ffff] { ro };
define block CSTACK with size = 1K, alignment = 8 { };
define block HEAP with size = 512, alignment = 8 { };
"P2":  place in [from 0x2000'0000 to 0x2001'ffff] {
          rw, block CSTACK, block HEAP };
initialize by copy { rw };

  Section            Kind         Address    Size  Object
  -------            ----         -------    ----  ------
"A0":                                       0x188
  .intvec            ro code   0x800'0000   0x188  startup_stm32f407xx.o [1]
                             - 0x800'0188   0x188

"P1":                                      0x14b0
  .text              ro code   0x800'0188   0x310  stm32f4xx_hal_rcc.o [1]
  .text              ro code   0x800'0498     0xc  stm32f4xx_hal.o [1]
  .text              ro code   0x800'04a4   0x2a4  stm32f4xx_hal_uart.o [1]
  .text              ro code   0x800'0748    0xf8  stm32f4xx_hal_msp.o [1]
  .text              ro code   0x800'0840   0x1a4  stm32f4xx_hal_dma.o [1]
  .text              ro code   0x800'09e4     0x2  stm32f4xx_hal_uart.o [1]
  .text              ro code   0x800'09e6     0x2  stm32f4xx_hal_uart.o [1]
  .text              ro code   0x800'09e8     0x2  stm32f4xx_hal_uart.o [1]
  .text              ro code   0x800'09ea    0x3a  zero_init3.o [4]
  .text              ro code   0x800'0a24   0x1ac  stm32f4xx_hal_rcc.o [1]
  .text              ro code   0x800'0bd0   0x106  I64DivMod_small.o [4]
  .text              ro code   0x800'0cd6    0x14  memset.o [4]
  .text              ro code   0x800'0cea    0x2e  copy_init3.o [4]
  .text              ro code   0x800'0d18   0x1e4  stm32f4xx_hal_gpio.o [1]
  .text              ro code   0x800'0efc   0x1e0  main.o [1]
  .text              ro code   0x800'10dc    0xc4  stm32f4xx_hal_cortex.o [1]
  .text              ro code   0x800'11a0    0x40  stm32f4xx_hal.o [1]
  .text              ro code   0x800'11e0     0x2  I64DivZer.o [4]
  .text              ro code   0x800'11e4    0x66  ABImemset.o [4]
  .text              ro code   0x800'124c    0x34  stm32f4xx_hal.o [1]
  .text              ro code   0x800'1280     0x6  ABImemclr4.o [4]
  .text              ro code   0x800'1288    0x18  ABImemcpy_small.o [4]
  .text              ro code   0x800'12a0    0x12  strcmp.o [4]
  .text              ro code   0x800'12b4    0x32  ABImemset48.o [4]
  .text              ro code   0x800'12e8    0xc0  DMA_CIRCULAR.o [1]
  .text              ro code   0x800'13a8    0x2c  stm32f4xx_it.o [1]
  .text              ro code   0x800'13d4    0x10  stm32f4xx_hal.o [1]
  .text              ro code   0x800'13e4    0x2c  system_stm32f4xx.o [1]
  .text              ro code   0x800'1410    0x28  data_init.o [4]
  .text              ro code   0x800'1438    0x22  fpinit_M.o [3]
  .iar.init_table    const     0x800'145c    0x24  - Linker created -
  .text              ro code   0x800'1480    0x1e  cmain.o [4]
  .text              ro code   0x800'149e     0x4  low_level_init.o [2]
  .text              ro code   0x800'14a2     0x4  exit.o [2]
  .text              ro code   0x800'14a8     0xa  cexit.o [4]
  .text              ro code   0x800'14b4    0x14  exit.o [5]
  .text              ro code   0x800'14c8    0x10  startup_stm32f407xx.o [1]
  Initializer bytes  const     0x800'14d8    0x10  <for P2-1>
  .text              ro code   0x800'14e8     0xc  cstartup_M.o [4]
  .rodata            const     0x800'14f4     0x8  system_stm32f4xx.o [1]
  .text              ro code   0x800'14fc     0x4  startup_stm32f407xx.o [1]
  .text              ro code   0x800'1500     0x4  startup_stm32f407xx.o [1]
  .text              ro code   0x800'1504     0x4  startup_stm32f407xx.o [1]
  .text              ro code   0x800'1508     0x4  startup_stm32f407xx.o [1]
  .text              ro code   0x800'150c     0x4  startup_stm32f407xx.o [1]
  .text              ro code   0x800'1510     0x4  startup_stm32f407xx.o [1]
  .text              ro code   0x800'1514     0x4  startup_stm32f407xx.o [1]
  .text              ro code   0x800'1518     0x4  startup_stm32f407xx.o [1]
  .text              ro code   0x800'151c     0x4  startup_stm32f407xx.o [1]
  .text              ro code   0x800'1520     0x4  startup_stm32f407xx.o [1]
  .text              ro code   0x800'1524     0x4  startup_stm32f407xx.o [1]
  .text              ro code   0x800'1528     0x4  startup_stm32f407xx.o [1]
  .text              ro code   0x800'152c     0x4  startup_stm32f407xx.o [1]
  .text              ro code   0x800'1530     0x4  startup_stm32f407xx.o [1]
  .text              ro code   0x800'1534     0x4  startup_stm32f407xx.o [1]
  .text              ro code   0x800'1538     0x4  startup_stm32f407xx.o [1]
  .text              ro code   0x800'153c     0x4  startup_stm32f407xx.o [1]
  .text              ro code   0x800'1540     0x4  startup_stm32f407xx.o [1]
  .text              ro code   0x800'1544     0x4  startup_stm32f407xx.o [1]
  .text              ro code   0x800'1548     0x4  startup_stm32f407xx.o [1]
  .text              ro code   0x800'154c     0x4  startup_stm32f407xx.o [1]
  .text              ro code   0x800'1550     0x4  startup_stm32f407xx.o [1]
  .text              ro code   0x800'1554     0x4  startup_stm32f407xx.o [1]
  .text              ro code   0x800'1558     0x4  startup_stm32f407xx.o [1]
  .text              ro code   0x800'155c     0x4  startup_stm32f407xx.o [1]
  .text              ro code   0x800'1560     0x4  startup_stm32f407xx.o [1]
  .text              ro code   0x800'1564     0x4  startup_stm32f407xx.o [1]
  .text              ro code   0x800'1568     0x4  startup_stm32f407xx.o [1]
  .text              ro code   0x800'156c     0x4  startup_stm32f407xx.o [1]
  .text              ro code   0x800'1570     0x4  startup_stm32f407xx.o [1]
  .text              ro code   0x800'1574     0x4  startup_stm32f407xx.o [1]
  .text              ro code   0x800'1578     0x4  startup_stm32f407xx.o [1]
  .text              ro code   0x800'157c     0x4  startup_stm32f407xx.o [1]
  .text              ro code   0x800'1580     0x4  startup_stm32f407xx.o [1]
  .text              ro code   0x800'1584     0x4  startup_stm32f407xx.o [1]
  .text              ro code   0x800'1588     0x4  startup_stm32f407xx.o [1]
  .text              ro code   0x800'158c     0x4  startup_stm32f407xx.o [1]
  .text              ro code   0x800'1590     0x4  startup_stm32f407xx.o [1]
  .text              ro code   0x800'1594     0x4  startup_stm32f407xx.o [1]
  .text              ro code   0x800'1598     0x4  startup_stm32f407xx.o [1]
  .text              ro code   0x800'159c     0x4  startup_stm32f407xx.o [1]
  .text              ro code   0x800'15a0     0x4  startup_stm32f407xx.o [1]
  .text              ro code   0x800'15a4     0x4  startup_stm32f407xx.o [1]
  .text              ro code   0x800'15a8     0x4  startup_stm32f407xx.o [1]
  .text              ro code   0x800'15ac     0x4  startup_stm32f407xx.o [1]
  .text              ro code   0x800'15b0     0x4  startup_stm32f407xx.o [1]
  .text              ro code   0x800'15b4     0x4  startup_stm32f407xx.o [1]
  .text              ro code   0x800'15b8     0x4  startup_stm32f407xx.o [1]
  .text              ro code   0x800'15bc     0x4  startup_stm32f407xx.o [1]
  .text              ro code   0x800'15c0     0x4  startup_stm32f407xx.o [1]
  .text              ro code   0x800'15c4     0x4  startup_stm32f407xx.o [1]
  .text              ro code   0x800'15c8     0x4  startup_stm32f407xx.o [1]
  .text              ro code   0x800'15cc     0x4  startup_stm32f407xx.o [1]
  .text              ro code   0x800'15d0     0x4  startup_stm32f407xx.o [1]
  .text              ro code   0x800'15d4     0x4  startup_stm32f407xx.o [1]
  .text              ro code   0x800'15d8     0x4  startup_stm32f407xx.o [1]
  .text              ro code   0x800'15dc     0x4  startup_stm32f407xx.o [1]
  .text              ro code   0x800'15e0     0x4  startup_stm32f407xx.o [1]
  .text              ro code   0x800'15e4     0x4  startup_stm32f407xx.o [1]
  .text              ro code   0x800'15e8     0x4  startup_stm32f407xx.o [1]
  .text              ro code   0x800'15ec     0x4  startup_stm32f407xx.o [1]
  .text              ro code   0x800'15f0     0x4  startup_stm32f407xx.o [1]
  .text              ro code   0x800'15f4     0x4  startup_stm32f407xx.o [1]
  .text              ro code   0x800'15f8     0x4  startup_stm32f407xx.o [1]
  .text              ro code   0x800'15fc     0x4  startup_stm32f407xx.o [1]
  .text              ro code   0x800'1600     0x4  startup_stm32f407xx.o [1]
  .text              ro code   0x800'1604     0x4  startup_stm32f407xx.o [1]
  .text              ro code   0x800'1608     0x4  startup_stm32f407xx.o [1]
  .text              ro code   0x800'160c     0x4  startup_stm32f407xx.o [1]
  .text              ro code   0x800'1610     0x4  startup_stm32f407xx.o [1]
  .text              ro code   0x800'1614     0x4  startup_stm32f407xx.o [1]
  .text              ro code   0x800'1618     0x4  startup_stm32f407xx.o [1]
  .text              ro code   0x800'161c     0x4  startup_stm32f407xx.o [1]
  .text              ro code   0x800'1620     0x4  startup_stm32f407xx.o [1]
  .text              ro code   0x800'1624     0x4  startup_stm32f407xx.o [1]
  .text              ro code   0x800'1628     0x4  startup_stm32f407xx.o [1]
  .text              ro code   0x800'162c     0x4  startup_stm32f407xx.o [1]
  .text              ro code   0x800'1630     0x4  startup_stm32f407xx.o [1]
  .text              ro code   0x800'1634     0x4  startup_stm32f407xx.o [1]
  .rodata            const     0x800'1638     0x0  zero_init3.o [4]
  .rodata            const     0x800'1638     0x0  copy_init3.o [4]
                             - 0x800'1638  0x14b0

"P2", part 1 of 3:                           0x10
  P2-1                        0x2000'0000    0x10  <Init block>
    .data            inited   0x2000'0000     0xc  stm32f4xx_hal.o [1]
    .data            inited   0x2000'000c     0x4  system_stm32f4xx.o [1]
                            - 0x2000'0010    0x10

"P2", part 2 of 3:                          0x230
  .bss               zero     0x2000'0010   0x100  main.o [1]
  .bss               zero     0x2000'0110    0xe0  main.o [1]
  .bss               zero     0x2000'01f0    0x40  main.o [1]
  .bss               zero     0x2000'0230    0x10  DMA_CIRCULAR.o [1]
                            - 0x2000'0240   0x230

"P2", part 3 of 3:                          0x400
  CSTACK                      0x2000'0240   0x400  <Block>
    CSTACK           uninit   0x2000'0240   0x400  <Block tail>
                            - 0x2000'0640   0x400

Unused ranges:

         From           To      Size
         ----           --      ----
   0x800'1638   0x80f'ffff  0xf'e9c8
  0x2000'0640  0x2001'ffff  0x1'f9c0


*******************************************************************************
*** INIT TABLE
***

          Address      Size
          -------      ----
Zero (__iar_zero_init3)
    1 destination range, total size 0x230:
          0x2000'0010  0x230

Copy (__iar_copy_init3)
    1 source range, total size 0x10:
           0x800'14d8   0x10
    1 destination range, total size 0x10:
          0x2000'0000   0x10



*******************************************************************************
*** MODULE SUMMARY
***

    Module                  ro code  ro data  rw data
    ------                  -------  -------  -------
command line/config:
    -------------------------------------------------
    Total:

E:\RACEnergy\EWARM_Generated\Test_files\uart_dma_idle - Copy\EWARM\uart_dma_idle\Obj: [1]
    DMA_CIRCULAR.o              192                16
    main.o                      480               544
    startup_stm32f407xx.o       724
    stm32f4xx_hal.o             144       12       12
    stm32f4xx_hal_cortex.o      196
    stm32f4xx_hal_dma.o         420
    stm32f4xx_hal_gpio.o        484
    stm32f4xx_hal_msp.o         248
    stm32f4xx_hal_rcc.o       1'212
    stm32f4xx_hal_uart.o        682
    stm32f4xx_it.o               44
    system_stm32f4xx.o           44       12        4
    -------------------------------------------------
    Total:                    4'870       24      576

dl7M_tln.a: [2]
    exit.o                        4
    low_level_init.o              4
    -------------------------------------------------
    Total:                        8

m7M_tls.a: [3]
    fpinit_M.o                   34
    -------------------------------------------------
    Total:                       34

rt7M_tl.a: [4]
    ABImemclr4.o                  6
    ABImemcpy_small.o            24
    ABImemset.o                 102
    ABImemset48.o                50
    I64DivMod_small.o           262
    I64DivZer.o                   2
    cexit.o                      10
    cmain.o                      30
    copy_init3.o                 46
    cstartup_M.o                 12
    data_init.o                  40
    memset.o                     20
    strcmp.o                     18
    zero_init3.o                 58
    -------------------------------------------------
    Total:                      680

shb_l.a: [5]
    exit.o                       20
    -------------------------------------------------
    Total:                       20

    Gaps                         14        2
    Linker created                        36    1'024
-----------------------------------------------------
    Grand Total:              5'626       62    1'600


*******************************************************************************
*** ENTRY LIST
***

Entry                       Address   Size  Type      Object
-----                       -------   ----  ----      ------
.iar.init_table$$Base    0x800'145c          --   Gb  - Linker created -
.iar.init_table$$Limit   0x800'1480          --   Gb  - Linker created -
?main                    0x800'1481         Code  Gb  cmain.o [4]
AHBPrescTable            0x800'1400   0x10  Data  Gb  system_stm32f4xx.o [1]
APBPrescTable            0x800'14f4    0x8  Data  Gb  system_stm32f4xx.o [1]
BusFault_Handler         0x800'13af    0x2  Code  Gb  stm32f4xx_it.o [1]
CSTACK$$Base            0x2000'0240          --   Gb  - Linker created -
CSTACK$$Limit           0x2000'0640          --   Gb  - Linker created -
DMA1_Stream1_IRQHandler
                         0x800'13bd    0x8  Code  Gb  stm32f4xx_it.o [1]
DMA_CalcBaseAndBitshift
                         0x800'09b5   0x26  Code  Lc  stm32f4xx_hal_dma.o [1]
DMA_CalcBaseAndBitshift::flagBitshiftOffset
                         0x800'09dc    0x8  Data  Lc  stm32f4xx_hal_dma.o [1]
DMA_IrqHandler           0x800'130f   0x8c  Code  Gb  DMA_CIRCULAR.o [1]
DMA_RX_Buffer           0x2000'0110   0x40  Data  Gb  main.o [1]
DMA_SetConfig            0x800'0995   0x20  Code  Lc  stm32f4xx_hal_dma.o [1]
DebugMon_Handler         0x800'13b5    0x2  Code  Gb  stm32f4xx_it.o [1]
Error_Handler            0x800'10d3    0x2  Code  Gb  main.o [1]
HAL_DMA_Init             0x800'0841   0xee  Code  Gb  stm32f4xx_hal_dma.o [1]
HAL_DMA_Start_IT         0x800'092f   0x62  Code  Gb  stm32f4xx_hal_dma.o [1]
HAL_GPIO_Init            0x800'0d19  0x1ae  Code  Gb  stm32f4xx_hal_gpio.o [1]
HAL_GPIO_WritePin        0x800'0ec7    0x8  Code  Gb  stm32f4xx_hal_gpio.o [1]
HAL_GetTick              0x800'0499    0xc  Code  Wk  stm32f4xx_hal.o [1]
HAL_IncTick              0x800'13d5   0x10  Code  Wk  stm32f4xx_hal.o [1]
HAL_Init                 0x800'124d   0x30  Code  Gb  stm32f4xx_hal.o [1]
HAL_InitTick             0x800'11a1   0x40  Code  Wk  stm32f4xx_hal.o [1]
HAL_MspInit              0x800'0749   0x34  Code  Gb  stm32f4xx_hal_msp.o [1]
HAL_NVIC_EnableIRQ       0x800'114b   0x16  Code  Gb  stm32f4xx_hal_cortex.o [1]
HAL_NVIC_SetPriority     0x800'1111   0x3a  Code  Gb  stm32f4xx_hal_cortex.o [1]
HAL_NVIC_SetPriorityGrouping
                         0x800'10f7   0x1a  Code  Gb  stm32f4xx_hal_cortex.o [1]
HAL_RCC_ClockConfig      0x800'0a25  0x100  Code  Gb  stm32f4xx_hal_rcc.o [1]
HAL_RCC_GetPCLK1Freq     0x800'0b31   0x10  Code  Gb  stm32f4xx_hal_rcc.o [1]
HAL_RCC_GetPCLK2Freq     0x800'0b41    0xe  Code  Gb  stm32f4xx_hal_rcc.o [1]
HAL_RCC_OscConfig        0x800'0189  0x310  Code  Wk  stm32f4xx_hal_rcc.o [1]
HAL_SYSTICK_Config       0x800'1161   0x28  Code  Gb  stm32f4xx_hal_cortex.o [1]
HAL_UART_Init            0x800'04a5   0x1e  Code  Gb  stm32f4xx_hal_uart.o [1]
HAL_UART_MspInit         0x800'077d   0xac  Code  Gb  stm32f4xx_hal_msp.o [1]
HAL_UART_Receive_DMA     0x800'051b   0x92  Code  Gb  stm32f4xx_hal_uart.o [1]
HardFault_Handler        0x800'13ab    0x2  Code  Gb  stm32f4xx_it.o [1]
MemManage_Handler        0x800'13ad    0x2  Code  Gb  stm32f4xx_it.o [1]
NMI_Handler              0x800'13a9    0x2  Code  Gb  stm32f4xx_it.o [1]
PendSV_Handler           0x800'13b7    0x2  Code  Gb  stm32f4xx_it.o [1]
Region$$Table$$Base      0x800'145c          --   Gb  - Linker created -
Region$$Table$$Limit     0x800'1480          --   Gb  - Linker created -
SVC_Handler              0x800'13b3    0x2  Code  Gb  stm32f4xx_it.o [1]
SysTick_Handler          0x800'13b9    0x4  Code  Gb  stm32f4xx_it.o [1]
SystemClock_Config       0x800'0fe5   0x92  Code  Gb  main.o [1]
SystemCoreClock         0x2000'000c    0x4  Data  Gb  system_stm32f4xx.o [1]
SystemInit               0x800'13e5   0x14  Code  Gb  system_stm32f4xx.o [1]
UART_Buffer             0x2000'0010  0x100  Data  Gb  main.o [1]
UART_DMAError            0x800'05ed   0x4a  Code  Lc  stm32f4xx_hal_uart.o [1]
UART_DMAReceiveCplt      0x800'05ad   0x38  Code  Lc  stm32f4xx_hal_uart.o [1]
UART_DMARxHalfCplt       0x800'05e5    0x6  Code  Lc  stm32f4xx_hal_uart.o [1]
UART_EndRxTransfer       0x800'0649   0x1c  Code  Lc  stm32f4xx_hal_uart.o [1]
UART_EndTxTransfer       0x800'0637   0x12  Code  Lc  stm32f4xx_hal_uart.o [1]
UART_SetConfig           0x800'0665   0xca  Code  Lc  stm32f4xx_hal_uart.o [1]
USART3_IRQHandler        0x800'13c5    0x8  Code  Gb  stm32f4xx_it.o [1]
USART_IrqHandler         0x800'12e9   0x26  Code  Gb  DMA_CIRCULAR.o [1]
UsageFault_Handler       0x800'13b1    0x2  Code  Gb  stm32f4xx_it.o [1]
Write                   0x2000'0230    0x4  Data  Gb  DMA_CIRCULAR.o [1]
__NVIC_SetPriority       0x800'10dd   0x1a  Code  Lc  stm32f4xx_hal_cortex.o [1]
__aeabi_ldiv0            0x800'11e1         Code  Gb  I64DivZer.o [4]
__aeabi_memclr4          0x800'1281         Code  Gb  ABImemclr4.o [4]
__aeabi_memset           0x800'11e5         Code  Gb  ABImemset.o [4]
__cmain                  0x800'1481         Code  Gb  cmain.o [4]
__exit                   0x800'14b5   0x14  Code  Gb  exit.o [5]
__iar_Memset             0x800'11e5         Code  Gb  ABImemset.o [4]
__iar_Memset4_word       0x800'12b5         Code  Gb  ABImemset48.o [4]
__iar_Memset8_word       0x800'12b5         Code  Gb  ABImemset48.o [4]
__iar_Memset_word        0x800'11ed         Code  Gb  ABImemset.o [4]
__iar_copy_init3         0x800'0ceb   0x2e  Code  Gb  copy_init3.o [4]
__iar_data_init3         0x800'1411   0x28  Code  Gb  data_init.o [4]
__iar_init_vfp           0x800'1439         Code  Gb  fpinit_M.o [3]
__iar_program_start      0x800'14e9         Code  Gb  cstartup_M.o [4]
__iar_small_Memcpy       0x800'128d         Code  Gb  ABImemcpy_small.o [4]
__iar_small_memcpy       0x800'1289         Code  Gb  ABImemcpy_small.o [4]
__iar_small_memcpy4      0x800'1289         Code  Gb  ABImemcpy_small.o [4]
__iar_small_memcpy8      0x800'1289         Code  Gb  ABImemcpy_small.o [4]
__iar_small_uldivmod     0x800'0bd1         Code  Gb  I64DivMod_small.o [4]
__iar_zero_init3         0x800'09eb   0x3a  Code  Gb  zero_init3.o [4]
__low_level_init         0x800'149f    0x4  Code  Gb  low_level_init.o [2]
__vector_table           0x800'0000         Data  Gb  startup_stm32f407xx.o [1]
_call_main               0x800'148d         Code  Gb  cmain.o [4]
_exit                    0x800'14a9         Code  Gb  cexit.o [4]
_main                    0x800'149b         Code  Gb  cmain.o [4]
dma_buffer              0x2000'01f0   0x40  Data  Gb  main.o [1]
exit                     0x800'14a3    0x4  Code  Gb  exit.o [2]
hdma_usart3_rx          0x2000'0190   0x60  Data  Gb  main.o [1]
huart3                  0x2000'0150   0x40  Data  Gb  main.o [1]
len                     0x2000'0234    0x4  Data  Gb  DMA_CIRCULAR.o [1]
main                     0x800'0efd   0xde  Code  Gb  main.o [1]
memset                   0x800'0cd7   0x14  Code  Gb  memset.o [4]
ptr                     0x2000'023c    0x4  Data  Gb  DMA_CIRCULAR.o [1]
reception_complete_CallBack
                         0x800'1079   0x34  Code  Gb  main.o [1]
strcmp                   0x800'12a1         Code  Gb  strcmp.o [4]
tocopy                  0x2000'0238    0x4  Data  Gb  DMA_CIRCULAR.o [1]
uwTick                  0x2000'0004    0x4  Data  Gb  stm32f4xx_hal.o [1]
uwTickFreq              0x2000'0000    0x1  Data  Gb  stm32f4xx_hal.o [1]
uwTickPrio              0x2000'0008    0x4  Data  Gb  stm32f4xx_hal.o [1]


[1] = E:\RACEnergy\EWARM_Generated\Test_files\uart_dma_idle - Copy\EWARM\uart_dma_idle\Obj
[2] = dl7M_tln.a
[3] = m7M_tls.a
[4] = rt7M_tl.a
[5] = shb_l.a

  5'626 bytes of readonly  code memory
     62 bytes of readonly  data memory
  1'600 bytes of readwrite data memory

Errors: none
Warnings: none
